###############################################################################
#
# IAR ELF Linker V8.50.9.278/W32 for ARM                  15/Jan/2021  10:59:58
# Copyright 2007-2020 IAR Systems AB.
#
#    Output file  =
#        C:\Users\dvone\Desktop\Divigraph\Embedded_Programming\lesson14\Debug\Exe\project.out
#    Map file     =
#        C:\Users\dvone\Desktop\Divigraph\Embedded_Programming\lesson14\Debug\List\project.map
#    Command line =
#        -f C:\Users\dvone\AppData\Local\Temp\EW5070.tmp
#        (C:\Users\dvone\Desktop\Divigraph\Embedded_Programming\lesson14\Debug\Obj\delay.o
#        C:\Users\dvone\Desktop\Divigraph\Embedded_Programming\lesson14\Debug\Obj\main.o
#        C:\Users\dvone\Desktop\Divigraph\Embedded_Programming\lesson14\Debug\Obj\startup_tm4c.o
#        --no_out_extension -o
#        C:\Users\dvone\Desktop\Divigraph\Embedded_Programming\lesson14\Debug\Exe\project.out
#        --redirect _Printf=_PrintfFullNoMb --redirect _Scanf=_ScanfFullNoMb
#        --map
#        C:\Users\dvone\Desktop\Divigraph\Embedded_Programming\lesson14\Debug\List\project.map
#        --config
#        C:\Users\dvone\Desktop\Divigraph\Embedded_Programming\lesson14\project.icf
#        --semihosting --entry __iar_program_start --vfe --text_out locale)
#
###############################################################################

*******************************************************************************
*** RUNTIME MODEL ATTRIBUTES
***

CppFlavor       = *
__SystemLibrary = DLib
__dlib_version  = 6


*******************************************************************************
*** HEAP SELECTION
***

The basic heap was selected because no calls to memory allocation
functions were found in the application outside of system library
functions, and there are calls to deallocation functions in the
application.


*******************************************************************************
*** PLACEMENT SUMMARY
***

"A0":  place at address 0x0 { ro section .intvec };
"P1":  place in [from 0x0 to 0x3'ffff] { ro };

No sections matched the following patterns:

  rw  in "P2"


  Section  Kind     Address   Size  Object
  -------  ----     -------   ----  ------
"A0":                          0x8
  .intvec  const        0x0    0x8  startup_tm4c.o [1]
                      - 0x8    0x8

"P1":                        0x104
  .text    ro code      0x8   0x68  main.o [1]
  .text    ro code     0x70   0x14  delay.o [1]
  .text    ro code     0x84   0x22  fpinit_M.o [3]
  .text    ro code     0xa8   0x1e  cmain.o [4]
  .text    ro code     0xc6    0x4  low_level_init.o [2]
  .text    ro code     0xca    0x4  exit.o [2]
  .text    ro code     0xd0    0xa  cexit.o [4]
  .text    ro code     0xdc   0x14  exit.o [5]
  .text    ro code     0xf0   0x1c  cstartup_M.o [4]
                    - 0x10c  0x104

Unused ranges:

   From        To      Size
   ----        --      ----
  0x10c  0x3'ffff  0x3'fef4



*******************************************************************************
*** MODULE SUMMARY
***

    Module            ro code  ro data
    ------            -------  -------
command line/config:
    ----------------------------------
    Total:

C:\Users\dvone\Desktop\Divigraph\Embedded_Programming\lesson14\Debug\Obj: [1]
    delay.o                20
    main.o                104
    startup_tm4c.o                   8
    ----------------------------------
    Total:                124        8

dl7M_tln.a: [2]
    exit.o                  4
    low_level_init.o        4
    ----------------------------------
    Total:                  8

m7M_tls.a: [3]
    fpinit_M.o             34
    ----------------------------------
    Total:                 34

rt7M_tl.a: [4]
    cexit.o                10
    cmain.o                30
    cstartup_M.o           28
    ----------------------------------
    Total:                 68

shb_l.a: [5]
    exit.o                 20
    ----------------------------------
    Total:                 20

    Gaps                    6
--------------------------------------
    Grand Total:          260        8


*******************************************************************************
*** ENTRY LIST
***

Entry                 Address  Size  Type      Object
-----                 -------  ----  ----      ------
?main                    0xa9        Code  Gb  cmain.o [4]
Region$$Table$$Base       0x0         --   Gb  - Linker created -
Region$$Table$$Limit      0x0         --   Gb  - Linker created -
__cmain                  0xa9        Code  Gb  cmain.o [4]
__exit                   0xdd  0x14  Code  Gb  exit.o [5]
__iar_init_vfp           0x85        Code  Gb  fpinit_M.o [3]
__iar_program_start      0xf1        Code  Gb  cstartup_M.o [4]
__low_level_init         0xc7   0x4  Code  Gb  low_level_init.o [2]
__vector_table            0x0   0x8  Data  Gb  startup_tm4c.o [1]
_call_main               0xb5        Code  Gb  cmain.o [4]
_exit                    0xd1        Code  Gb  cexit.o [4]
_main                    0xbf        Code  Gb  cmain.o [4]
delay                    0x71  0x14  Code  Gb  delay.o [1]
exit                     0xcb   0x4  Code  Gb  exit.o [2]
main                      0x9  0x68  Code  Gb  main.o [1]


[1] = C:\Users\dvone\Desktop\Divigraph\Embedded_Programming\lesson14\Debug\Obj
[2] = dl7M_tln.a
[3] = m7M_tls.a
[4] = rt7M_tl.a
[5] = shb_l.a

  260 bytes of readonly  code memory
    8 bytes of readonly  data memory

Errors: none
Warnings: none
