###############################################################################
#
# IAR ELF Linker V8.50.9.278/W32 for ARM                  13/Jan/2021  09:42:24
# Copyright 2007-2020 IAR Systems AB.
#
#    Output file  =
#        C:\Users\dvone\Desktop\Divigraph\Embedded_Programming\lesson3\Debug\Exe\project.out
#    Map file     =
#        C:\Users\dvone\Desktop\Divigraph\Embedded_Programming\lesson3\Debug\List\project.map
#    Command line =
#        -f C:\Users\dvone\AppData\Local\Temp\EWB60B.tmp
#        (C:\Users\dvone\Desktop\Divigraph\Embedded_Programming\lesson3\Debug\Obj\main.o
#        --no_out_extension -o
#        C:\Users\dvone\Desktop\Divigraph\Embedded_Programming\lesson3\Debug\Exe\project.out
#        --redirect _Printf=_PrintfFullNoMb --redirect _Scanf=_ScanfFullNoMb
#        --map
#        C:\Users\dvone\Desktop\Divigraph\Embedded_Programming\lesson3\Debug\List\project.map
#        --config "C:\Program Files (x86)\IAR Systems\Embedded Workbench
#        8.4\arm\config\linker\TexasInstruments\LM4F120H5QR.icf" --semihosting
#        --entry __iar_program_start --vfe --text_out locale)
#
###############################################################################

*******************************************************************************
*** RUNTIME MODEL ATTRIBUTES
***

CppFlavor       = *
__SystemLibrary = DLib
__dlib_version  = 6


*******************************************************************************
*** HEAP SELECTION
***

The basic heap was selected because no calls to memory allocation
functions were found in the application outside of system library
functions, and there are calls to deallocation functions in the
application.


*******************************************************************************
*** PLACEMENT SUMMARY
***

"A0":  place at address 0x0 { ro section .intvec };
"P1":  place in [from 0x0 to 0x3'ffff] { ro };
define block CSTACK with size = 2K, alignment = 8 { };
define block HEAP with size = 8K, alignment = 8 { };
"P2":  place in [from 0x2000'0000 to 0x2000'7fff] {
          rw, block CSTACK, block HEAP };

  Section          Kind         Address   Size  Object
  -------          ----         -------   ----  ------
"A0":                                     0x40
  .intvec          ro code          0x0   0x40  vector_table_M.o [4]
                                 - 0x40   0x40

"P1":                                    0x124
  .text            ro code         0x40   0x3a  zero_init3.o [4]
  .text            ro code         0x7a    0x2  vector_table_M.o [4]
  .text            ro code         0x7c   0x28  main.o [1]
  .text            ro code         0xa4   0x28  data_init.o [4]
  .text            ro code         0xcc   0x22  fpinit_M.o [3]
  .iar.init_table  const           0xf0   0x10  - Linker created -
  .text            ro code        0x100   0x1e  cmain.o [4]
  .text            ro code        0x11e    0x4  low_level_init.o [2]
  .text            ro code        0x122    0x4  exit.o [2]
  .text            ro code        0x128    0xa  cexit.o [4]
  .text            ro code        0x134   0x14  exit.o [5]
  .text            ro code        0x148   0x1c  cstartup_M.o [4]
  .rodata          const          0x164    0x0  zero_init3.o [4]
                                - 0x164  0x124

"P2", part 1 of 2:                         0x4
  .bss             zero     0x2000'0000    0x4  main.o [1]
                          - 0x2000'0004    0x4

"P2", part 2 of 2:                       0x800
  CSTACK                    0x2000'0008  0x800  <Block>
    CSTACK         uninit   0x2000'0008  0x800  <Block tail>
                          - 0x2000'0808  0x800

Unused ranges:

         From           To      Size
         ----           --      ----
        0x164     0x3'ffff  0x3'fe9c
  0x2000'0004  0x2000'0007       0x4
  0x2000'0808  0x2000'7fff    0x77f8


*******************************************************************************
*** INIT TABLE
***

          Address      Size
          -------      ----
Zero (__iar_zero_init3)
    1 destination range, total size 0x4:
          0x2000'0000   0x4



*******************************************************************************
*** MODULE SUMMARY
***

    Module            ro code  ro data  rw data
    ------            -------  -------  -------
command line/config:
    -------------------------------------------
    Total:

C:\Users\dvone\Desktop\Divigraph\Embedded_Programming\lesson3\Debug\Obj: [1]
    main.o                 40                 4
    -------------------------------------------
    Total:                 40                 4

dl7M_tln.a: [2]
    exit.o                  4
    low_level_init.o        4
    -------------------------------------------
    Total:                  8

m7M_tls.a: [3]
    fpinit_M.o             34
    -------------------------------------------
    Total:                 34

rt7M_tl.a: [4]
    cexit.o                10
    cmain.o                30
    cstartup_M.o           28
    data_init.o            40
    vector_table_M.o       66
    zero_init3.o           58
    -------------------------------------------
    Total:                232

shb_l.a: [5]
    exit.o                 20
    -------------------------------------------
    Total:                 20

    Gaps                    4        2
    Linker created                  16    2'048
-----------------------------------------------
    Grand Total:          338       18    2'052


*******************************************************************************
*** ENTRY LIST
***

Entry                       Address  Size  Type      Object
-----                       -------  ----  ----      ------
.iar.init_table$$Base          0xf0         --   Gb  - Linker created -
.iar.init_table$$Limit        0x100         --   Gb  - Linker created -
?main                         0x101        Code  Gb  cmain.o [4]
CSTACK$$Base            0x2000'0008         --   Gb  - Linker created -
CSTACK$$Limit           0x2000'0808         --   Gb  - Linker created -
Region$$Table$$Base            0xf0         --   Gb  - Linker created -
Region$$Table$$Limit          0x100         --   Gb  - Linker created -
__cmain                       0x101        Code  Gb  cmain.o [4]
__exit                        0x135  0x14  Code  Gb  exit.o [5]
__iar_data_init3               0xa5  0x28  Code  Gb  data_init.o [4]
__iar_init_vfp                 0xcd        Code  Gb  fpinit_M.o [3]
__iar_program_start           0x149        Code  Gb  cstartup_M.o [4]
__iar_zero_init3               0x41  0x3a  Code  Gb  zero_init3.o [4]
__low_level_init              0x11f   0x4  Code  Gb  low_level_init.o [2]
__vector_table                  0x0        Data  Gb  vector_table_M.o [4]
_call_main                    0x10d        Code  Gb  cmain.o [4]
_exit                         0x129        Code  Gb  cexit.o [4]
_main                         0x117        Code  Gb  cmain.o [4]
counter                 0x2000'0000   0x4  Data  Gb  main.o [1]
exit                          0x123   0x4  Code  Gb  exit.o [2]
main                           0x7d  0x28  Code  Gb  main.o [1]


[1] = C:\Users\dvone\Desktop\Divigraph\Embedded_Programming\lesson3\Debug\Obj
[2] = dl7M_tln.a
[3] = m7M_tls.a
[4] = rt7M_tl.a
[5] = shb_l.a

    338 bytes of readonly  code memory
     18 bytes of readonly  data memory
  2'052 bytes of readwrite data memory

Errors: none
Warnings: none
